============================= test session starts =============================
platform win32 -- Python 3.14.2, pytest-9.0.2, pluggy-1.6.0 -- C:\Users\asusu\AppData\Local\Python\pythoncore-3.14-64\python.exe
cachedir: .pytest_cache
rootdir: C:\Users\asusu\CascadeProjects\flowlang\flowlang
configfile: pytest.ini
collecting ... collected 3 items

tests/test_concept_alignment.py::TestConceptAlignment::test_strict_team_typing PASSED [ 33%]
tests/test_concept_alignment.py::TestConceptAlignment::test_order_batch_processing FAILED [ 66%]
tests/test_concept_alignment.py::TestConceptAlignment::test_checkpoint_report_handover FAILED [100%]

================================== FAILURES ===================================
______________ TestConceptAlignment.test_order_batch_processing _______________

self = <test_concept_alignment.TestConceptAlignment object at 0x000001E1D03311D0>

    def test_order_batch_processing(self):
        rt = Runtime()
        rt.teams["Workers"] = {"kind": "Try"} # match 'try' verb
    
        ctx = EvalContext(variables={}, checkpoints=[])
    
        # Orders
        o1 = Order(id="1", payload="task1", kind=CommandKind.Try)
        o2 = Order(id="2", payload="task2", kind=CommandKind.Try)
        batch = [o1, o2]
    
        # Args: [batch]
        action_node = Tree("command_action", [
            Token("IDENT", "try"),
            Tree("arg_list", [
                Tree("named_arg", [Token("IDENT", "test"), MagicMock()]) # dummy arg
            ])
        ])
    
        # We need _eval_expr to return our batch for the first arg
        # We intercept _eval_expr call
        # But _exec_action calls _eval_expr.
        # Easier to construct node to just return batch?
        # But _eval_expr needs a tree.
        # Let's mock _eval_expr
    
        with patch.object(rt, "_eval_expr", return_value=batch):
             # Mock execution to return "done"
             with patch.object(rt, "_execute_single_action", return_value="done") as mock_exec:
                 node = Tree("action_stmt", [Token("IDENT", "Workers"), action_node])
                 rt._exec_action(node, ctx)
    
                 # Verify it ran twice
>                assert mock_exec.call_count == 2
E                AssertionError: assert 1 == 2
E                 +  where 1 = <MagicMock name='_execute_single_action' id='2069372454960'>.call_count

tests\test_concept_alignment.py:77: AssertionError
____________ TestConceptAlignment.test_checkpoint_report_handover _____________

self = <test_concept_alignment.TestConceptAlignment object at 0x000001E1D02C15B0>

    def test_checkpoint_report_handover(self):
        rt = Runtime()
        # Mock persistence
        rt.persistence = MagicMock()
    
        # Context with garbage
        ctx = EvalContext(variables={"keep_me": 1, "drop_me": 2, "__sys__": 99}, checkpoints=[])
    
        # Checkpoint node with report: ["keep_me"]
        # checkpoint "C" (report: ["keep_me"]) {}
        # Children: [STRING("C"), expr_list, block]
        # expr_list children: [expression]
    
        # Expressions need to evaluate to strings.
        # We mock _eval_expr to return "keep_me" for the expression child
    
        cp_node = Tree("checkpoint", [
            Token("STRING", "C"),
            Tree("expr_list", [MagicMock()]), # report expr_list
            Tree("local_stmt", [])           # block
        ])
    
        with patch.object(rt, "_eval_expr", return_value="keep_me"):
             # We execute flow loop logic manually-ish?
             # Or just insert it into valid flow structure and run _execute_flow?
             # _execute_flow is complex.
             # Let's use `test_runtime.py` style - no, we deleted it.
             # Let's trust _execute_flow loop if we can feed it a tree.
    
             # Construct tree
             # flow F(using: T) { checkpoint... }
             flow = Tree("flow_decl", [
                 Token("IDENT", "F"),
                 Tree("ident_list", []), # params
                 cp_node
             ])
    
             # Mock find_data to return our checkpoint
             # But find_data is on the Tree node.
             # _execute_flow calls flow.find_data("checkpoint")
    
             # We need to properly attach cp_node to flow
             # But wait, find_data is recursive.
    
             # Let's just run _execute_flow
             with patch.object(rt, "_exec_block"): # don't run content
                 rt._execute_flow(flow)
    
             # Verify context pruned
             assert "keep_me" in ctx.variables # wait, _execute_flow creates local ctx
             # We can't see internal ctx unless we hook/mock something passed to _exec_block
             # EvalContext vars are passed to _exec_block(..., ctx)
    
             # We can use the mock of _exec_block to capture ctx reference?
             # No, _exec_block runs BEFORE pruning.
             # Pruning happens after.
             # Only persistence.save_state sees the pruned ctx.
    
             call_args = rt.persistence.save_state.call_args
             saved_vars = call_args[1]["ctx_vars"]
    
>            assert "keep_me" in saved_vars
E            AssertionError: assert 'keep_me' in {}

tests\test_concept_alignment.py:149: AssertionError
---------------------------- Captured stdout call -----------------------------
[flow] Start 'F' with checkpoints: ['C']
[checkpoint] -> C
[checkpoint.done] C in 0.29 ms
[checkpoint] Report handover: kept ['keep_me'], pruned 0 keys
[persistence] Saved state to <MagicMock name='mock.save_state()' id='2069372458992'>
[flow] End 'F'
[metrics] {'actions': 0, 'checkpoints': 1, 'back_to': 0, 'verbs': {}, 'checkpoint_ms': {'C': 0.28820009902119637}}
=========================== short test summary info ===========================
FAILED tests/test_concept_alignment.py::TestConceptAlignment::test_order_batch_processing
FAILED tests/test_concept_alignment.py::TestConceptAlignment::test_checkpoint_report_handover
========================= 2 failed, 1 passed in 0.20s =========================
